Oct 01 08:41:09 PM File does not exist
Oct 01 08:41:26 PM Library file exists
Oct 01 08:43:37 PM Library file exists
